[run_cmapss] fds=['FD001'] 13 cells; running 13; skipping 0
[run_cmapss] FD001: source=nasa sensors=15 feats=3 train_eng=100 test_eng=100 pretrain_win=8390 std_protocol_eng=96 (engines >= window kept)
[run_cmapss] FD001/tjepa_h1: already complete -> skip
[run_cmapss] FD001/tjepa_dist: already complete -> skip
[temporal_jepa] step 0 loss 1.3630 lr 0.00e+00 std 0.293 effrank 2.4 varratio 0.337
[temporal_jepa] step 100 loss 0.7536 lr 3.13e-04 std 0.596 effrank 5.6 varratio 0.769
[temporal_jepa] step 200 loss 0.6555 lr 4.91e-04 std 0.689 effrank 8.2 varratio 0.664
[temporal_jepa] step 300 loss 0.5679 lr 4.02e-04 std 0.776 effrank 11.0 varratio 0.637
[temporal_jepa] step 400 loss 0.5194 lr 2.51e-04 std 0.843 effrank 13.4 varratio 0.677
[temporal_jepa] step 500 loss 0.5057 lr 9.86e-05 std 0.868 effrank 14.2 varratio 0.734
[temporal_jepa] step 600 loss 0.5021 lr 9.50e-06 std 0.865 effrank 14.6 varratio 0.716
[run_cmapss] FD001/tjepa_koopman: rul_r2=0.706 rmse=16.47 phm08=343 health_acc=0.782 anom=0.987 clust_nmi=0.146 retr=0.645 gpu_h=0.081
[temporal_jepa] step 0 loss 1.3741 lr 0.00e+00 std 0.288 effrank 2.4 varratio 0.314
[temporal_jepa] step 100 loss 0.7332 lr 3.13e-04 std 0.560 effrank 5.4 varratio 0.589
[temporal_jepa] step 200 loss 0.6276 lr 4.91e-04 std 0.719 effrank 8.2 varratio 0.652
[temporal_jepa] step 300 loss 0.5729 lr 4.02e-04 std 0.777 effrank 10.6 varratio 0.713
[temporal_jepa] step 400 loss 0.5326 lr 2.51e-04 std 0.818 effrank 12.9 varratio 0.683
[temporal_jepa] step 500 loss 0.5177 lr 9.86e-05 std 0.863 effrank 14.3 varratio 0.719
[temporal_jepa] step 600 loss 0.5100 lr 9.50e-06 std 0.872 effrank 14.5 varratio 0.717
[run_cmapss] FD001/tjepa_ode: rul_r2=0.707 rmse=16.44 phm08=349 health_acc=0.778 anom=0.987 clust_nmi=0.144 retr=0.647 gpu_h=0.082
[run_cmapss] FD001/spatial_jepa: already complete -> skip
[run_cmapss] FD001/mae: already complete -> skip
[run_cmapss] FD001/byol: already complete -> skip
[run_cmapss] FD001/simclr: already complete -> skip
[run_cmapss] FD001/random: already complete -> skip
[run_cmapss] FD001/raw_features: rul_r2=0.344 health_acc=0.656 (floor)
[run_cmapss] FD001/tjepa_h5: already complete -> skip
[run_cmapss] FD001/tjepa_h20: already complete -> skip
[run_cmapss] FD001/tjepa_noreg: already complete -> skip
[run_cmapss] wrote runs/cmapss_results.csv
