nohup: ignoring input
[run_matrix] 22 cells total; running 9; skipping 13
[run_matrix] SKIPPED (budget): tjepa_noreg
[run_matrix] SKIPPED (budget): tjepa_var0.5
[run_matrix] SKIPPED (budget): tjepa_var2.0
[run_matrix] SKIPPED (budget): tjepa_pred128
[run_matrix] SKIPPED (budget): tjepa_pred256
[run_matrix] SKIPPED (budget): tjepa_preddepth1
[run_matrix] SKIPPED (budget): tjepa_preddepth2
[run_matrix] SKIPPED (budget): tjepa_preddepth4
[run_matrix] SKIPPED (budget): tjepa_preddepth6
[run_matrix] SKIPPED (budget): tjepa_dim128
[run_matrix] SKIPPED (budget): tjepa_dim256
[run_matrix] SKIPPED (budget): tjepa_dim512
[run_matrix] SKIPPED (budget): tjepa_dim768
[run_matrix] device = cuda:1  seed = 2
[run_matrix] probing on val folds [4]
step 0 loss 1.9851 lr 0.00e+00 wd 0.040 std 0.355 effrank 15.6 varratio 0.067
Traceback (most recent call last):
  File "/home/jagat/Atharv/multi_temporal_jepa/scripts/run_matrix.py", line 249, in <module>
    main()
  File "/home/jagat/Atharv/multi_temporal_jepa/scripts/run_matrix.py", line 195, in main
    step = train_one_epoch(model, loader, opt, scaler, cfg, step, total, device)
           ^^^^^^^^^^^^^^^^^^^^^^^^^^^^^^^^^^^^^^^^^^^^^^^^^^^^^^^^^^^^^^^^^^^^^
  File "/home/jagat/Atharv/multi_temporal_jepa/engine/train_jepa.py", line 106, in train_one_epoch
    scaler.scale(loss / grad_accum).backward()
  File "/home/jagat/miniforge3/lib/python3.12/site-packages/torch/_tensor.py", line 630, in backward
    torch.autograd.backward(
  File "/home/jagat/miniforge3/lib/python3.12/site-packages/torch/autograd/__init__.py", line 364, in backward
    _engine_run_backward(
  File "/home/jagat/miniforge3/lib/python3.12/site-packages/torch/autograd/graph.py", line 865, in _engine_run_backward
    return Variable._execution_engine.run_backward(  # Calls into the C++ engine to run the backward pass
           ^^^^^^^^^^^^^^^^^^^^^^^^^^^^^^^^^^^^^^^^^^^^^^^^^^^^^^^^^^^^^^^^^^^^^^^^^^^^^^^^^^^^^^^^^^^^^^
torch.OutOfMemoryError: CUDA out of memory. Tried to allocate 3.00 GiB. GPU 1 has a total capacity of 47.40 GiB of which 111.19 MiB is free. Process 660151 has 1.06 GiB memory in use. Process 668594 has 1.08 GiB memory in use. Process 701673 has 1.08 GiB memory in use. Process 767897 has 5.23 GiB memory in use. Including non-PyTorch memory, this process has 38.79 GiB memory in use. Of the allocated memory 30.03 GiB is allocated by PyTorch, and 8.40 GiB is reserved by PyTorch but unallocated. If reserved but unallocated memory is large try setting PYTORCH_ALLOC_CONF=expandable_segments:True to avoid fragmentation.  See documentation for Memory Management  (https://pytorch.org/docs/stable/notes/cuda.html#environment-variables)
