[run_matrix] 1 cells total; running 1; skipping 0
[run_matrix] device = cuda:0  seed = 0
[run_matrix] probing on val folds [4]
step 0 loss 2.0036 lr 0.00e+00 wd 0.040 std 0.338 effrank 13.8 varratio 0.045
step 50 loss 1.6916 lr 2.75e-05 wd 0.040 std 0.400 effrank 14.8 varratio 0.041
step 100 loss 1.4332 lr 5.51e-05 wd 0.040 std 0.456 effrank 15.5 varratio 0.034
step 150 loss 1.3060 lr 8.26e-05 wd 0.040 std 0.531 effrank 16.4 varratio 0.032
step 200 loss 1.1785 lr 1.10e-04 wd 0.040 std 0.513 effrank 16.9 varratio 0.022
step 250 loss 1.0480 lr 1.38e-04 wd 0.040 std 0.547 effrank 18.2 varratio 0.020
step 300 loss 1.1133 lr 1.65e-04 wd 0.041 std 0.560 effrank 16.9 varratio 0.008
step 350 loss 1.0017 lr 1.93e-04 wd 0.041 std 0.541 effrank 18.5 varratio 0.006
step 400 loss 1.0012 lr 2.20e-04 wd 0.041 std 0.559 effrank 19.0 varratio 0.006
step 450 loss 0.9527 lr 2.48e-04 wd 0.041 std 0.568 effrank 21.0 varratio 0.005
step 500 loss 0.8503 lr 2.75e-04 wd 0.042 std 0.576 effrank 23.5 varratio 0.008
step 550 loss 1.1285 lr 3.03e-04 wd 0.042 std 0.571 effrank 25.2 varratio 0.007
step 600 loss 0.9606 lr 3.31e-04 wd 0.042 std 0.548 effrank 25.6 varratio 0.014
step 650 loss 0.9840 lr 3.58e-04 wd 0.043 std 0.605 effrank 26.5 varratio 0.012
step 700 loss 0.9011 lr 3.86e-04 wd 0.043 std 0.602 effrank 28.6 varratio 0.053
step 750 loss 1.1078 lr 4.13e-04 wd 0.043 std 0.679 effrank 33.9 varratio 0.071
step 800 loss 0.9239 lr 4.41e-04 wd 0.044 std 0.719 effrank 38.3 varratio 0.135
step 850 loss 1.0431 lr 4.68e-04 wd 0.044 std 0.727 effrank 44.8 varratio 0.075
step 900 loss 0.8686 lr 4.96e-04 wd 0.045 std 0.789 effrank 51.2 varratio 0.141
step 950 loss 0.7986 lr 5.23e-04 wd 0.045 std 0.786 effrank 62.7 varratio 0.182
step 1000 loss 0.7965 lr 5.51e-04 wd 0.046 std 0.785 effrank 72.6 varratio 0.185
step 1050 loss 0.6634 lr 5.79e-04 wd 0.047 std 0.811 effrank 79.7 varratio 0.266
step 1100 loss 0.8467 lr 6.06e-04 wd 0.047 std 0.855 effrank 84.6 varratio 0.236
step 1150 loss 0.8002 lr 6.34e-04 wd 0.048 std 0.880 effrank 95.2 varratio 0.220
step 1200 loss 0.7071 lr 6.61e-04 wd 0.049 std 0.897 effrank 111.0 varratio 0.268
[run_matrix] tjepa_shuffle: checkpoint @ epoch 10 (step 1210)
step 1250 loss 0.7473 lr 6.89e-04 wd 0.049 std 0.869 effrank 118.0 varratio 0.208
step 1300 loss 0.6483 lr 7.16e-04 wd 0.050 std 0.902 effrank 120.1 varratio 0.288
step 1350 loss 0.5817 lr 7.44e-04 wd 0.051 std 0.938 effrank 127.2 varratio 0.285
step 1400 loss 0.5630 lr 7.71e-04 wd 0.052 std 0.951 effrank 139.1 varratio 0.318
step 1450 loss 0.6112 lr 7.99e-04 wd 0.053 std 0.963 effrank 146.7 varratio 0.274
step 1500 loss 0.5548 lr 8.26e-04 wd 0.053 std 0.966 effrank 156.1 varratio 0.298
step 1550 loss 0.4896 lr 8.54e-04 wd 0.054 std 0.981 effrank 163.0 varratio 0.299
step 1600 loss 0.4127 lr 8.82e-04 wd 0.055 std 0.985 effrank 168.5 varratio 0.365
step 1650 loss 0.5453 lr 9.09e-04 wd 0.056 std 0.979 effrank 179.5 varratio 0.254
step 1700 loss 0.3856 lr 9.37e-04 wd 0.057 std 0.991 effrank 184.5 varratio 0.367
step 1750 loss 0.8015 lr 9.64e-04 wd 0.058 std 0.992 effrank 193.2 varratio 0.238
step 1800 loss 0.4410 lr 9.92e-04 wd 0.059 std 0.991 effrank 198.4 varratio 0.286
step 1850 loss 0.6446 lr 1.00e-03 wd 0.060 std 1.001 effrank 204.9 varratio 0.272
step 1900 loss 0.4144 lr 1.00e-03 wd 0.061 std 1.005 effrank 214.4 varratio 0.321
step 1950 loss 0.4728 lr 1.00e-03 wd 0.063 std 1.003 effrank 215.3 varratio 0.293
step 2000 loss 0.5022 lr 9.99e-04 wd 0.064 std 1.013 effrank 226.7 varratio 0.273
step 2050 loss 0.4714 lr 9.99e-04 wd 0.065 std 1.011 effrank 233.8 varratio 0.272
step 2100 loss 0.4696 lr 9.98e-04 wd 0.066 std 1.005 effrank 241.8 varratio 0.296
step 2150 loss 0.4195 lr 9.97e-04 wd 0.067 std 0.998 effrank 247.7 varratio 0.270
step 2200 loss 0.4240 lr 9.97e-04 wd 0.069 std 1.005 effrank 252.1 varratio 0.280
step 2250 loss 0.5514 lr 9.96e-04 wd 0.070 std 1.011 effrank 251.1 varratio 0.242
step 2300 loss 0.3917 lr 9.95e-04 wd 0.071 std 1.008 effrank 264.9 varratio 0.283
step 2350 loss 0.3981 lr 9.93e-04 wd 0.072 std 1.008 effrank 268.0 varratio 0.294
step 2400 loss 0.4169 lr 9.92e-04 wd 0.074 std 1.015 effrank 272.1 varratio 0.273
[run_matrix] tjepa_shuffle: checkpoint @ epoch 20 (step 2420)
step 2450 loss 0.4123 lr 9.91e-04 wd 0.075 std 0.994 effrank 275.2 varratio 0.300
step 2500 loss 0.5186 lr 9.89e-04 wd 0.077 std 1.006 effrank 272.2 varratio 0.250
step 2550 loss 0.3174 lr 9.87e-04 wd 0.078 std 1.013 effrank 277.7 varratio 0.347
step 2600 loss 0.3860 lr 9.86e-04 wd 0.079 std 1.015 effrank 280.9 varratio 0.278
step 2650 loss 0.3877 lr 9.84e-04 wd 0.081 std 1.013 effrank 288.6 varratio 0.293
step 2700 loss 0.3455 lr 9.82e-04 wd 0.082 std 1.010 effrank 296.9 varratio 0.279
step 2750 loss 0.3989 lr 9.80e-04 wd 0.084 std 1.012 effrank 300.9 varratio 0.261
step 2800 loss 0.4576 lr 9.78e-04 wd 0.086 std 1.018 effrank 304.3 varratio 0.222
step 2850 loss 0.3042 lr 9.75e-04 wd 0.087 std 1.020 effrank 310.1 varratio 0.331
step 2900 loss 0.3195 lr 9.73e-04 wd 0.089 std 1.015 effrank 314.0 varratio 0.285
step 2950 loss 0.3998 lr 9.70e-04 wd 0.090 std 1.011 effrank 318.4 varratio 0.239
step 3000 loss 0.3517 lr 9.68e-04 wd 0.092 std 1.019 effrank 313.6 varratio 0.263
step 3050 loss 0.4817 lr 9.65e-04 wd 0.094 std 1.013 effrank 325.5 varratio 0.208
step 3100 loss 0.3438 lr 9.62e-04 wd 0.095 std 1.019 effrank 327.3 varratio 0.275
step 3150 loss 0.2754 lr 9.59e-04 wd 0.097 std 1.021 effrank 330.1 varratio 0.324
step 3200 loss 0.3498 lr 9.56e-04 wd 0.099 std 1.013 effrank 334.1 varratio 0.321
step 3250 loss 0.4800 lr 9.53e-04 wd 0.100 std 1.020 effrank 331.2 varratio 0.226
step 3300 loss 0.3432 lr 9.49e-04 wd 0.102 std 1.018 effrank 342.8 varratio 0.312
step 3350 loss 0.3984 lr 9.46e-04 wd 0.104 std 1.007 effrank 347.3 varratio 0.238
step 3400 loss 0.3961 lr 9.43e-04 wd 0.106 std 1.022 effrank 342.8 varratio 0.223
step 3450 loss 0.4060 lr 9.39e-04 wd 0.108 std 1.015 effrank 350.6 varratio 0.220
step 3500 loss 0.3012 lr 9.35e-04 wd 0.109 std 1.018 effrank 356.4 varratio 0.299
step 3550 loss 0.4337 lr 9.31e-04 wd 0.111 std 1.007 effrank 357.4 varratio 0.238
step 3600 loss 0.2604 lr 9.28e-04 wd 0.113 std 1.017 effrank 355.1 varratio 0.326
[run_matrix] tjepa_shuffle: checkpoint @ epoch 30 (step 3630)
step 3650 loss 0.3432 lr 9.24e-04 wd 0.115 std 1.021 effrank 358.4 varratio 0.259
step 3700 loss 0.3712 lr 9.19e-04 wd 0.117 std 1.013 effrank 361.1 varratio 0.232
step 3750 loss 0.3485 lr 9.15e-04 wd 0.119 std 1.021 effrank 358.7 varratio 0.242
step 3800 loss 0.2530 lr 9.11e-04 wd 0.121 std 1.023 effrank 362.8 varratio 0.316
step 3850 loss 0.3698 lr 9.07e-04 wd 0.123 std 1.015 effrank 369.8 varratio 0.229
step 3900 loss 0.3575 lr 9.02e-04 wd 0.125 std 1.021 effrank 370.4 varratio 0.238
step 3950 loss 0.3585 lr 8.97e-04 wd 0.127 std 1.015 effrank 375.2 varratio 0.252
step 4000 loss 0.3321 lr 8.93e-04 wd 0.129 std 1.024 effrank 373.3 varratio 0.256
step 4050 loss 0.3341 lr 8.88e-04 wd 0.131 std 1.006 effrank 377.3 varratio 0.293
step 4100 loss 0.3627 lr 8.83e-04 wd 0.133 std 1.015 effrank 379.9 varratio 0.234
step 4150 loss 0.3963 lr 8.78e-04 wd 0.135 std 1.020 effrank 382.9 varratio 0.220
step 4200 loss 0.3231 lr 8.73e-04 wd 0.137 std 1.015 effrank 382.8 varratio 0.255
step 4250 loss 0.2824 lr 8.68e-04 wd 0.139 std 1.021 effrank 382.7 varratio 0.290
step 4300 loss 0.3355 lr 8.63e-04 wd 0.141 std 1.023 effrank 388.4 varratio 0.231
step 4350 loss 0.3325 lr 8.58e-04 wd 0.143 std 1.017 effrank 391.4 varratio 0.235
step 4400 loss 0.3185 lr 8.52e-04 wd 0.145 std 1.025 effrank 393.2 varratio 0.245
step 4450 loss 0.3583 lr 8.47e-04 wd 0.147 std 1.013 effrank 393.5 varratio 0.243
step 4500 loss 0.3984 lr 8.41e-04 wd 0.150 std 1.024 effrank 396.5 varratio 0.228
step 4550 loss 0.4597 lr 8.36e-04 wd 0.152 std 1.013 effrank 395.5 varratio 0.197
step 4600 loss 0.3977 lr 8.30e-04 wd 0.154 std 1.020 effrank 392.0 varratio 0.239
step 4650 loss 0.3390 lr 8.24e-04 wd 0.156 std 1.016 effrank 398.1 varratio 0.223
step 4700 loss 0.3038 lr 8.18e-04 wd 0.158 std 1.023 effrank 401.1 varratio 0.266
step 4750 loss 0.2967 lr 8.12e-04 wd 0.160 std 1.015 effrank 401.8 varratio 0.245
step 4800 loss 0.3045 lr 8.06e-04 wd 0.163 std 1.023 effrank 397.8 varratio 0.267
[run_matrix] tjepa_shuffle: checkpoint @ epoch 40 (step 4840)
step 4850 loss 0.3281 lr 8.00e-04 wd 0.165 std 1.021 effrank 405.1 varratio 0.232
[run_matrix] 1 cells total; running 1; skipping 0
[run_matrix] device = cuda:0  seed = 0
[run_matrix] probing on val folds [4]
[run_matrix] tjepa_shuffle: resuming from epoch 40/100 (step 4840)
step 4850 loss 0.3503 lr 8.00e-04 wd 0.165 std 1.019 effrank 406.7 varratio 0.223
step 4900 loss 0.2790 lr 7.94e-04 wd 0.167 std 1.015 effrank 406.8 varratio 0.281
step 4950 loss 0.4559 lr 7.88e-04 wd 0.169 std 1.019 effrank 407.3 varratio 0.200
step 5000 loss 0.3831 lr 7.82e-04 wd 0.172 std 1.024 effrank 407.7 varratio 0.203
step 5050 loss 0.3345 lr 7.75e-04 wd 0.174 std 1.020 effrank 411.2 varratio 0.227
step 5100 loss 0.4017 lr 7.69e-04 wd 0.176 std 1.028 effrank 407.5 varratio 0.230
step 5150 loss 0.3293 lr 7.62e-04 wd 0.178 std 1.021 effrank 411.2 varratio 0.248
step 5200 loss 0.3404 lr 7.56e-04 wd 0.181 std 1.022 effrank 415.0 varratio 0.236
step 5250 loss 0.3174 lr 7.49e-04 wd 0.183 std 1.020 effrank 414.6 varratio 0.264
step 5300 loss 0.3393 lr 7.43e-04 wd 0.185 std 1.017 effrank 417.1 varratio 0.192
step 5350 loss 0.2972 lr 7.36e-04 wd 0.187 std 1.014 effrank 412.9 varratio 0.230
step 5400 loss 0.3905 lr 7.29e-04 wd 0.190 std 1.020 effrank 408.2 varratio 0.222
step 5450 loss 0.3138 lr 7.22e-04 wd 0.192 std 1.022 effrank 415.6 varratio 0.244
step 5500 loss 0.3006 lr 7.16e-04 wd 0.194 std 1.022 effrank 418.8 varratio 0.232
step 5550 loss 0.3089 lr 7.09e-04 wd 0.197 std 1.022 effrank 418.6 varratio 0.253
step 5600 loss 0.4803 lr 7.02e-04 wd 0.199 std 1.020 effrank 418.3 varratio 0.195
step 5650 loss 0.3710 lr 6.95e-04 wd 0.201 std 1.024 effrank 417.1 varratio 0.193
step 5700 loss 0.3255 lr 6.88e-04 wd 0.204 std 1.024 effrank 423.4 varratio 0.212
step 5750 loss 0.3590 lr 6.81e-04 wd 0.206 std 1.021 effrank 424.2 varratio 0.231
step 5800 loss 0.3685 lr 6.73e-04 wd 0.208 std 1.018 effrank 425.2 varratio 0.219
step 5850 loss 0.2444 lr 6.66e-04 wd 0.211 std 1.023 effrank 425.2 varratio 0.290
step 5900 loss 0.3464 lr 6.59e-04 wd 0.213 std 1.016 effrank 427.5 varratio 0.194
step 5950 loss 0.3502 lr 6.52e-04 wd 0.215 std 1.026 effrank 426.2 varratio 0.205
step 6000 loss 0.2212 lr 6.45e-04 wd 0.218 std 1.022 effrank 428.6 varratio 0.298
[run_matrix] tjepa_shuffle: checkpoint @ epoch 50 (step 6050)
step 6050 loss 0.3029 lr 6.37e-04 wd 0.220 std 1.029 effrank 425.2 varratio 0.228
step 6100 loss 0.2667 lr 6.30e-04 wd 0.222 std 1.021 effrank 431.2 varratio 0.287
step 6150 loss 0.4558 lr 6.22e-04 wd 0.225 std 1.018 effrank 431.6 varratio 0.173
step 6200 loss 0.3533 lr 6.15e-04 wd 0.227 std 1.020 effrank 432.2 varratio 0.225
step 6250 loss 0.3187 lr 6.08e-04 wd 0.229 std 1.022 effrank 434.4 varratio 0.207
step 6300 loss 0.3935 lr 6.00e-04 wd 0.232 std 1.019 effrank 432.1 varratio 0.221
step 6350 loss 0.3796 lr 5.93e-04 wd 0.234 std 1.022 effrank 434.7 varratio 0.215
step 6400 loss 0.3666 lr 5.85e-04 wd 0.236 std 1.026 effrank 436.3 varratio 0.210
step 6450 loss 0.3252 lr 5.78e-04 wd 0.239 std 1.018 effrank 437.4 varratio 0.221
step 6500 loss 0.2902 lr 5.70e-04 wd 0.241 std 1.023 effrank 433.9 varratio 0.249
step 6550 loss 0.3241 lr 5.63e-04 wd 0.243 std 1.017 effrank 438.2 varratio 0.233
step 6600 loss 0.2999 lr 5.55e-04 wd 0.246 std 1.026 effrank 428.9 varratio 0.233
step 6650 loss 0.3715 lr 5.47e-04 wd 0.248 std 1.013 effrank 435.6 varratio 0.218
step 6700 loss 0.3066 lr 5.40e-04 wd 0.250 std 1.017 effrank 437.3 varratio 0.242
step 6750 loss 0.3395 lr 5.32e-04 wd 0.253 std 1.021 effrank 440.7 varratio 0.232
step 6800 loss 0.3819 lr 5.25e-04 wd 0.255 std 1.027 effrank 430.8 varratio 0.210
step 6850 loss 0.3703 lr 5.17e-04 wd 0.257 std 1.020 effrank 437.4 varratio 0.190
step 6900 loss 0.3973 lr 5.09e-04 wd 0.259 std 1.017 effrank 437.6 varratio 0.208
step 6950 loss 0.3289 lr 5.02e-04 wd 0.262 std 1.026 effrank 438.2 varratio 0.217
step 7000 loss 0.4503 lr 4.94e-04 wd 0.264 std 1.017 effrank 433.9 varratio 0.183
step 7050 loss 0.3307 lr 4.86e-04 wd 0.266 std 1.021 effrank 440.1 varratio 0.231
step 7100 loss 0.4214 lr 4.79e-04 wd 0.268 std 1.022 effrank 443.5 varratio 0.207
step 7150 loss 0.2549 lr 4.71e-04 wd 0.271 std 1.024 effrank 441.6 varratio 0.266
step 7200 loss 0.3282 lr 4.64e-04 wd 0.273 std 1.019 effrank 441.3 varratio 0.238
step 7250 loss 0.3323 lr 4.56e-04 wd 0.275 std 1.021 effrank 444.9 varratio 0.219
[run_matrix] tjepa_shuffle: checkpoint @ epoch 60 (step 7260)
step 7300 loss 0.3795 lr 4.48e-04 wd 0.277 std 1.024 effrank 443.1 varratio 0.199
step 7350 loss 0.3102 lr 4.41e-04 wd 0.280 std 1.019 effrank 442.7 varratio 0.225
step 7400 loss 0.3110 lr 4.33e-04 wd 0.282 std 1.024 effrank 445.6 varratio 0.225
step 7450 loss 0.3901 lr 4.26e-04 wd 0.284 std 1.020 effrank 442.6 varratio 0.202
step 7500 loss 0.4234 lr 4.18e-04 wd 0.286 std 1.021 effrank 445.0 varratio 0.181
step 7550 loss 0.3428 lr 4.11e-04 wd 0.288 std 1.025 effrank 443.7 varratio 0.216
step 7600 loss 0.3842 lr 4.03e-04 wd 0.290 std 1.017 effrank 441.9 varratio 0.179
step 7650 loss 0.3672 lr 3.96e-04 wd 0.293 std 1.022 effrank 444.6 varratio 0.210
step 7700 loss 0.2792 lr 3.88e-04 wd 0.295 std 1.021 effrank 445.6 varratio 0.260
step 7750 loss 0.2680 lr 3.81e-04 wd 0.297 std 1.025 effrank 442.1 varratio 0.254
step 7800 loss 0.3858 lr 3.73e-04 wd 0.299 std 1.018 effrank 447.7 varratio 0.189
step 7850 loss 0.3699 lr 3.66e-04 wd 0.301 std 1.021 effrank 446.2 varratio 0.209
step 7900 loss 0.3195 lr 3.59e-04 wd 0.303 std 1.019 effrank 446.7 varratio 0.191
step 7950 loss 0.3360 lr 3.51e-04 wd 0.305 std 1.022 effrank 443.8 varratio 0.213
step 8000 loss 0.3047 lr 3.44e-04 wd 0.307 std 1.019 effrank 444.2 varratio 0.201
step 8050 loss 0.2813 lr 3.37e-04 wd 0.309 std 1.020 effrank 444.8 varratio 0.300
step 8100 loss 0.3812 lr 3.30e-04 wd 0.311 std 1.018 effrank 443.1 varratio 0.175
step 8150 loss 0.3143 lr 3.23e-04 wd 0.313 std 1.025 effrank 448.5 varratio 0.233
step 8200 loss 0.3165 lr 3.15e-04 wd 0.315 std 1.016 effrank 446.5 varratio 0.218
step 8250 loss 0.3157 lr 3.08e-04 wd 0.317 std 1.018 effrank 445.1 varratio 0.207
step 8300 loss 0.3524 lr 3.01e-04 wd 0.319 std 1.024 effrank 445.9 varratio 0.184
step 8350 loss 0.2993 lr 2.94e-04 wd 0.321 std 1.024 effrank 447.9 varratio 0.235
step 8400 loss 0.3975 lr 2.87e-04 wd 0.323 std 1.020 effrank 451.1 varratio 0.197
step 8450 loss 0.2837 lr 2.81e-04 wd 0.325 std 1.023 effrank 449.7 varratio 0.229
[run_matrix] tjepa_shuffle: checkpoint @ epoch 70 (step 8470)
step 8500 loss 0.3189 lr 2.74e-04 wd 0.327 std 1.018 effrank 451.4 varratio 0.225
step 8550 loss 0.4455 lr 2.67e-04 wd 0.329 std 1.026 effrank 451.2 varratio 0.190
step 8600 loss 0.3313 lr 2.60e-04 wd 0.331 std 1.023 effrank 454.3 varratio 0.233
step 8650 loss 0.3012 lr 2.54e-04 wd 0.332 std 1.016 effrank 451.6 varratio 0.232
step 8700 loss 0.3341 lr 2.47e-04 wd 0.334 std 1.023 effrank 452.4 varratio 0.234
step 8750 loss 0.3460 lr 2.40e-04 wd 0.336 std 1.022 effrank 452.8 varratio 0.187
step 8800 loss 0.3077 lr 2.34e-04 wd 0.338 std 1.021 effrank 453.9 varratio 0.216
step 8850 loss 0.3293 lr 2.28e-04 wd 0.340 std 1.020 effrank 454.7 varratio 0.228
step 8900 loss 0.3562 lr 2.21e-04 wd 0.341 std 1.025 effrank 444.8 varratio 0.192
step 8950 loss 0.3423 lr 2.15e-04 wd 0.343 std 1.024 effrank 454.0 varratio 0.212
step 9000 loss 0.3393 lr 2.09e-04 wd 0.345 std 1.021 effrank 454.4 varratio 0.253
step 9050 loss 0.3386 lr 2.03e-04 wd 0.346 std 1.025 effrank 449.3 varratio 0.207
step 9100 loss 0.3031 lr 1.96e-04 wd 0.348 std 1.019 effrank 454.8 varratio 0.243
step 9150 loss 0.2578 lr 1.90e-04 wd 0.350 std 1.024 effrank 451.4 varratio 0.251
step 9200 loss 0.3109 lr 1.84e-04 wd 0.351 std 1.025 effrank 453.7 varratio 0.211
step 9250 loss 0.2839 lr 1.79e-04 wd 0.353 std 1.020 effrank 455.5 varratio 0.253
step 9300 loss 0.3435 lr 1.73e-04 wd 0.354 std 1.015 effrank 454.1 varratio 0.206
step 9350 loss 0.3487 lr 1.67e-04 wd 0.356 std 1.023 effrank 455.5 varratio 0.187
step 9400 loss 0.2754 lr 1.61e-04 wd 0.358 std 1.022 effrank 454.8 varratio 0.224
step 9450 loss 0.3201 lr 1.56e-04 wd 0.359 std 1.022 effrank 456.2 varratio 0.232
step 9500 loss 0.3324 lr 1.50e-04 wd 0.361 std 1.017 effrank 455.6 varratio 0.196
step 9550 loss 0.3006 lr 1.45e-04 wd 0.362 std 1.018 effrank 451.6 varratio 0.231
step 9600 loss 0.3599 lr 1.40e-04 wd 0.363 std 1.024 effrank 454.7 varratio 0.196
step 9650 loss 0.3583 lr 1.34e-04 wd 0.365 std 1.021 effrank 456.7 varratio 0.206
[run_matrix] tjepa_shuffle: checkpoint @ epoch 80 (step 9680)
step 9700 loss 0.3346 lr 1.29e-04 wd 0.366 std 1.022 effrank 455.2 varratio 0.200
step 9750 loss 0.3975 lr 1.24e-04 wd 0.368 std 1.020 effrank 457.5 varratio 0.189
step 9800 loss 0.3756 lr 1.19e-04 wd 0.369 std 1.026 effrank 443.2 varratio 0.201
step 9850 loss 0.4360 lr 1.14e-04 wd 0.370 std 1.022 effrank 458.2 varratio 0.178
step 9900 loss 0.2948 lr 1.10e-04 wd 0.371 std 1.019 effrank 458.1 varratio 0.240
step 9950 loss 0.3209 lr 1.05e-04 wd 0.373 std 1.021 effrank 458.5 varratio 0.219
step 10000 loss 0.2758 lr 1.00e-04 wd 0.374 std 1.024 effrank 455.0 varratio 0.231
step 10050 loss 0.3617 lr 9.58e-05 wd 0.375 std 1.025 effrank 456.9 varratio 0.190
step 10100 loss 0.3024 lr 9.13e-05 wd 0.376 std 1.021 effrank 456.3 varratio 0.238
step 10150 loss 0.3207 lr 8.70e-05 wd 0.377 std 1.022 effrank 457.9 varratio 0.241
step 10200 loss 0.3885 lr 8.28e-05 wd 0.379 std 1.026 effrank 452.5 varratio 0.197
step 10250 loss 0.3216 lr 7.87e-05 wd 0.380 std 1.025 effrank 452.7 varratio 0.220
step 10300 loss 0.3430 lr 7.46e-05 wd 0.381 std 1.020 effrank 457.5 varratio 0.203
step 10350 loss 0.3604 lr 7.07e-05 wd 0.382 std 1.020 effrank 459.5 varratio 0.214
step 10400 loss 0.3197 lr 6.68e-05 wd 0.383 std 1.021 effrank 455.0 varratio 0.191
step 10450 loss 0.2938 lr 6.31e-05 wd 0.384 std 1.020 effrank 459.8 varratio 0.220
step 10500 loss 0.4060 lr 5.95e-05 wd 0.385 std 1.021 effrank 459.6 varratio 0.190
step 10550 loss 0.3450 lr 5.59e-05 wd 0.386 std 1.024 effrank 458.5 varratio 0.214
step 10600 loss 0.3407 lr 5.25e-05 wd 0.387 std 1.025 effrank 459.5 varratio 0.201
step 10650 loss 0.3154 lr 4.92e-05 wd 0.387 std 1.022 effrank 458.7 varratio 0.209
step 10700 loss 0.3937 lr 4.60e-05 wd 0.388 std 1.024 effrank 451.7 varratio 0.214
step 10750 loss 0.3326 lr 4.29e-05 wd 0.389 std 1.022 effrank 457.4 varratio 0.227
step 10800 loss 0.4195 lr 3.99e-05 wd 0.390 std 1.021 effrank 456.3 varratio 0.168
step 10850 loss 0.3509 lr 3.70e-05 wd 0.391 std 1.020 effrank 457.0 varratio 0.209
[run_matrix] tjepa_shuffle: checkpoint @ epoch 90 (step 10890)
step 10900 loss 0.3029 lr 3.42e-05 wd 0.391 std 1.021 effrank 453.6 varratio 0.233
step 10950 loss 0.3142 lr 3.15e-05 wd 0.392 std 1.021 effrank 458.0 varratio 0.204
step 11000 loss 0.3536 lr 2.89e-05 wd 0.393 std 1.019 effrank 459.7 varratio 0.197
step 11050 loss 0.3046 lr 2.65e-05 wd 0.393 std 1.022 effrank 459.2 varratio 0.223
step 11100 loss 0.3392 lr 2.41e-05 wd 0.394 std 1.022 effrank 460.5 varratio 0.208
step 11150 loss 0.3168 lr 2.19e-05 wd 0.395 std 1.021 effrank 456.6 varratio 0.231
step 11200 loss 0.3806 lr 1.98e-05 wd 0.395 std 1.022 effrank 459.1 varratio 0.189
step 11250 loss 0.3236 lr 1.77e-05 wd 0.396 std 1.018 effrank 460.2 varratio 0.211
step 11300 loss 0.4149 lr 1.58e-05 wd 0.396 std 1.022 effrank 459.9 varratio 0.161
step 11350 loss 0.4012 lr 1.41e-05 wd 0.397 std 1.018 effrank 460.4 varratio 0.186
step 11400 loss 0.3916 lr 1.24e-05 wd 0.397 std 1.020 effrank 458.0 varratio 0.191
step 11450 loss 0.3873 lr 1.08e-05 wd 0.397 std 1.019 effrank 459.6 varratio 0.181
step 11500 loss 0.2664 lr 9.37e-06 wd 0.398 std 1.020 effrank 459.7 varratio 0.253
step 11550 loss 0.3883 lr 8.03e-06 wd 0.398 std 1.022 effrank 460.3 varratio 0.186
step 11600 loss 0.2895 lr 6.81e-06 wd 0.398 std 1.016 effrank 457.2 varratio 0.223
step 11650 loss 0.3125 lr 5.71e-06 wd 0.399 std 1.021 effrank 457.4 varratio 0.226
step 11700 loss 0.3218 lr 4.72e-06 wd 0.399 std 1.023 effrank 458.4 varratio 0.223
step 11750 loss 0.3260 lr 3.85e-06 wd 0.399 std 1.021 effrank 459.3 varratio 0.198
step 11800 loss 0.4192 lr 3.10e-06 wd 0.399 std 1.025 effrank 454.1 varratio 0.187
step 11850 loss 0.3051 lr 2.46e-06 wd 0.400 std 1.019 effrank 457.1 varratio 0.248
step 11900 loss 0.3435 lr 1.93e-06 wd 0.400 std 1.023 effrank 460.3 varratio 0.204
step 11950 loss 0.3558 lr 1.52e-06 wd 0.400 std 1.021 effrank 460.2 varratio 0.191
step 12000 loss 0.3944 lr 1.23e-06 wd 0.400 std 1.018 effrank 460.6 varratio 0.191
step 12050 loss 0.3788 lr 1.06e-06 wd 0.400 std 1.022 effrank 459.0 varratio 0.214
[run_matrix] tjepa_shuffle: checkpoint @ epoch 100 (step 12100)
[run_matrix] tjepa_shuffle: linear=14.48 conv=18.38 knn=0.6556 gpu_h=3.80
